// 重构日志: b40e0c1a
// 重构日志: a64a3432
// 同步 ID: 1272706f @ Fri Jul 24 20:47:37 UTC 2026
// 重构日志: 7315c42f
// 重构日志: 9d36c392
// 同步 ID: 9dd1ecc7 @ Sat Jul 25 14:33:14 UTC 2026
// 重构日志: 64e124dc
// 重构日志: 9989fe82
// 重构日志: 9a437ae6
// 同步 ID: 0903223c @ Sun Jul 26 21:52:05 UTC 2026
// 重构日志: 41549ee4
// 重构日志: 2fee395a
// 同步 ID: 1ccfc76e @ Fri Jul 31 01:14:43 UTC 2026
// 重构日志: 671ee815
// 重构日志: 67d749e8
// 重构日志: 4c6343f9
// 重构日志: da4d44db
// 同步 ID: 675e670f @ Sun Aug  2 04:50:04 UTC 2026
// 同步 ID: d3aca4d0 @ Mon Aug  3 09:03:53 UTC 2026
// 重构日志: 2a1816b1
// 同步 ID: 8c7a85ae @ Tue Aug  4 07:39:58 UTC 2026
// 同步 ID: fbc48f69 @ Tue Aug  4 10:47:01 UTC 2026
// 重构日志: 7e64c9a3
// 同步 ID: af97eba8 @ Wed Aug  5 08:28:41 UTC 2026
// 同步 ID: 7162c862 @ Thu Aug  6 04:24:05 UTC 2026
// 同步 ID: 72be108d @ Fri Aug  7 01:34:08 UTC 2026
// 同步 ID: 0435a0c9 @ Fri Aug  7 06:44:21 UTC 2026
// 重构日志: ba9ebf8c
// 重构日志: 49575391
// 同步 ID: 72915300 @ Fri Aug  7 18:09:45 UTC 2026
// 重构日志: 743363f4
